#-----------------------------------------------------------
# Vivado v2024.1 (64-bit)
# SW Build 5076996 on Wed May 22 18:37:14 MDT 2024
# IP Build 5075265 on Wed May 22 21:45:21 MDT 2024
# SharedData Build 5076995 on Wed May 22 18:29:18 MDT 2024
# Start of session at: Wed Dec 18 17:17:56 2024
# Process ID: 11872
# Current directory: C:/Users/flavi/Desktop/SSC/PROIECT/vivado/Proiect/Proiect.runs/impl_1
# Command line: vivado.exe -log servoDriver.vdi -applog -product Vivado -messageDb vivado.pb -mode batch -source servoDriver.tcl -notrace
# Log file: C:/Users/flavi/Desktop/SSC/PROIECT/vivado/Proiect/Proiect.runs/impl_1/servoDriver.vdi
# Journal file: C:/Users/flavi/Desktop/SSC/PROIECT/vivado/Proiect/Proiect.runs/impl_1\vivado.jou
# Running On        :DESKTOP-A86H2ER
# Platform          :Windows Server 2016 or Windows 10
# Operating System  :19045
# Processor Detail  :AMD Ryzen 7 4700U with Radeon Graphics         
# CPU Frequency     :1996 MHz
# CPU Physical cores:8
# CPU Logical cores :8
# Host memory       :38517 MB
# Swap memory       :5637 MB
# Total Virtual     :44154 MB
# Available Virtual :28033 MB
#-----------------------------------------------------------
source servoDriver.tcl -notrace
